Archive member included to satisfy reference by file (symbol)

C:/ST/STM32CubeIDE_1.16.0/STM32CubeIDE/plugins/com.st.stm32cube.ide.mcu.externaltools.gnu-tools-for-stm32.12.3.rel1.win32_1.0.200.202406191623/tools/bin/../lib/gcc/arm-none-eabi/12.3.1/../../../../arm-none-eabi/lib/thumb/v7e-m+fp/hard\libc_nano.a(libc_a-exit.o)
                              C:/ST/STM32CubeIDE_1.16.0/STM32CubeIDE/plugins/com.st.stm32cube.ide.mcu.externaltools.gnu-tools-for-stm32.12.3.rel1.win32_1.0.200.202406191623/tools/bin/../lib/gcc/arm-none-eabi/12.3.1/../../../../arm-none-eabi/lib/thumb/v7e-m+fp/hard/crt0.o (exit)
C:/ST/STM32CubeIDE_1.16.0/STM32CubeIDE/plugins/com.st.stm32cube.ide.mcu.externaltools.gnu-tools-for-stm32.12.3.rel1.win32_1.0.200.202406191623/tools/bin/../lib/gcc/arm-none-eabi/12.3.1/../../../../arm-none-eabi/lib/thumb/v7e-m+fp/hard\libc_nano.a(libc_a-findfp.o)
                              C:/ST/STM32CubeIDE_1.16.0/STM32CubeIDE/plugins/com.st.stm32cube.ide.mcu.externaltools.gnu-tools-for-stm32.12.3.rel1.win32_1.0.200.202406191623/tools/bin/../lib/gcc/arm-none-eabi/12.3.1/../../../../arm-none-eabi/lib/thumb/v7e-m+fp/hard\libc_nano.a(libc_a-exit.o) (__stdio_exit_handler)
C:/ST/STM32CubeIDE_1.16.0/STM32CubeIDE/plugins/com.st.stm32cube.ide.mcu.externaltools.gnu-tools-for-stm32.12.3.rel1.win32_1.0.200.202406191623/tools/bin/../lib/gcc/arm-none-eabi/12.3.1/../../../../arm-none-eabi/lib/thumb/v7e-m+fp/hard\libc_nano.a(libc_a-fwalk.o)
                              C:/ST/STM32CubeIDE_1.16.0/STM32CubeIDE/plugins/com.st.stm32cube.ide.mcu.externaltools.gnu-tools-for-stm32.12.3.rel1.win32_1.0.200.202406191623/tools/bin/../lib/gcc/arm-none-eabi/12.3.1/../../../../arm-none-eabi/lib/thumb/v7e-m+fp/hard\libc_nano.a(libc_a-findfp.o) (_fwalk_sglue)
C:/ST/STM32CubeIDE_1.16.0/STM32CubeIDE/plugins/com.st.stm32cube.ide.mcu.externaltools.gnu-tools-for-stm32.12.3.rel1.win32_1.0.200.202406191623/tools/bin/../lib/gcc/arm-none-eabi/12.3.1/../../../../arm-none-eabi/lib/thumb/v7e-m+fp/hard\libc_nano.a(libc_a-stdio.o)
                              C:/ST/STM32CubeIDE_1.16.0/STM32CubeIDE/plugins/com.st.stm32cube.ide.mcu.externaltools.gnu-tools-for-stm32.12.3.rel1.win32_1.0.200.202406191623/tools/bin/../lib/gcc/arm-none-eabi/12.3.1/../../../../arm-none-eabi/lib/thumb/v7e-m+fp/hard\libc_nano.a(libc_a-findfp.o) (__sread)
C:/ST/STM32CubeIDE_1.16.0/STM32CubeIDE/plugins/com.st.stm32cube.ide.mcu.externaltools.gnu-tools-for-stm32.12.3.rel1.win32_1.0.200.202406191623/tools/bin/../lib/gcc/arm-none-eabi/12.3.1/../../../../arm-none-eabi/lib/thumb/v7e-m+fp/hard\libc_nano.a(libc_a-memset.o)
                              C:/ST/STM32CubeIDE_1.16.0/STM32CubeIDE/plugins/com.st.stm32cube.ide.mcu.externaltools.gnu-tools-for-stm32.12.3.rel1.win32_1.0.200.202406191623/tools/bin/../lib/gcc/arm-none-eabi/12.3.1/../../../../arm-none-eabi/lib/thumb/v7e-m+fp/hard/crt0.o (memset)
C:/ST/STM32CubeIDE_1.16.0/STM32CubeIDE/plugins/com.st.stm32cube.ide.mcu.externaltools.gnu-tools-for-stm32.12.3.rel1.win32_1.0.200.202406191623/tools/bin/../lib/gcc/arm-none-eabi/12.3.1/../../../../arm-none-eabi/lib/thumb/v7e-m+fp/hard\libc_nano.a(libc_a-closer.o)
                              C:/ST/STM32CubeIDE_1.16.0/STM32CubeIDE/plugins/com.st.stm32cube.ide.mcu.externaltools.gnu-tools-for-stm32.12.3.rel1.win32_1.0.200.202406191623/tools/bin/../lib/gcc/arm-none-eabi/12.3.1/../../../../arm-none-eabi/lib/thumb/v7e-m+fp/hard\libc_nano.a(libc_a-stdio.o) (_close_r)
C:/ST/STM32CubeIDE_1.16.0/STM32CubeIDE/plugins/com.st.stm32cube.ide.mcu.externaltools.gnu-tools-for-stm32.12.3.rel1.win32_1.0.200.202406191623/tools/bin/../lib/gcc/arm-none-eabi/12.3.1/../../../../arm-none-eabi/lib/thumb/v7e-m+fp/hard\libc_nano.a(libc_a-reent.o)
                              C:/ST/STM32CubeIDE_1.16.0/STM32CubeIDE/plugins/com.st.stm32cube.ide.mcu.externaltools.gnu-tools-for-stm32.12.3.rel1.win32_1.0.200.202406191623/tools/bin/../lib/gcc/arm-none-eabi/12.3.1/../../../../arm-none-eabi/lib/thumb/v7e-m+fp/hard\libc_nano.a(libc_a-closer.o) (errno)
C:/ST/STM32CubeIDE_1.16.0/STM32CubeIDE/plugins/com.st.stm32cube.ide.mcu.externaltools.gnu-tools-for-stm32.12.3.rel1.win32_1.0.200.202406191623/tools/bin/../lib/gcc/arm-none-eabi/12.3.1/../../../../arm-none-eabi/lib/thumb/v7e-m+fp/hard\libc_nano.a(libc_a-impure.o)
                              C:/ST/STM32CubeIDE_1.16.0/STM32CubeIDE/plugins/com.st.stm32cube.ide.mcu.externaltools.gnu-tools-for-stm32.12.3.rel1.win32_1.0.200.202406191623/tools/bin/../lib/gcc/arm-none-eabi/12.3.1/../../../../arm-none-eabi/lib/thumb/v7e-m+fp/hard\libc_nano.a(libc_a-reent.o) (_impure_ptr)
C:/ST/STM32CubeIDE_1.16.0/STM32CubeIDE/plugins/com.st.stm32cube.ide.mcu.externaltools.gnu-tools-for-stm32.12.3.rel1.win32_1.0.200.202406191623/tools/bin/../lib/gcc/arm-none-eabi/12.3.1/../../../../arm-none-eabi/lib/thumb/v7e-m+fp/hard\libc_nano.a(libc_a-lseekr.o)
[...]
Memory Configuration

Name             Origin             Length             Attributes
RAM              0x20000000         0x00020000         xrw
FLASH            0x08000000         0x00080000         xr
*default*        0x00000000         0xffffffff

Linker script and memory map

LOAD C:/ST/STM32CubeIDE_1.16.0/STM32CubeIDE/plugins/com.st.stm32cube.ide.mcu.externaltools.gnu-tools-for-stm32.12.3.rel1.win32_1.0.200.202406191623/tools/bin/../lib/gcc/arm-none-eabi/12.3.1/thumb/v7e-m+fp/hard/crti.o
LOAD C:/ST/STM32CubeIDE_1.16.0/STM32CubeIDE/plugins/com.st.stm32cube.ide.mcu.externaltools.gnu-tools-for-stm32.12.3.rel1.win32_1.0.200.202406191623/tools/bin/../lib/gcc/arm-none-eabi/12.3.1/thumb/v7e-m+fp/hard/crtbegin.o
LOAD C:/ST/STM32CubeIDE_1.16.0/STM32CubeIDE/plugins/com.st.stm32cube.ide.mcu.externaltools.gnu-tools-for-stm32.12.3.rel1.win32_1.0.200.202406191623/tools/bin/../lib/gcc/arm-none-eabi/12.3.1/../../../../arm-none-eabi/lib/thumb/v7e-m+fp/hard/crt0.o
LOAD ./Src/gsc_sch_core.o
LOAD ./Src/gsc_sch_core_cfg.o
LOAD ./Src/gsc_sch_core_tick_isr.o
LOAD ./Src/led.o
LOAD ./Src/main.o
LOAD ./Src/periodic_tasks_exec.o
LOAD ./Src/periodic_tasks_init.o
LOAD ./Src/syscalls.o
LOAD ./Src/sysmem.o
LOAD ./Startup/startup_stm32f411retx.o
START GROUP
LOAD C:/ST/STM32CubeIDE_1.16.0/STM32CubeIDE/plugins/com.st.stm32cube.ide.mcu.externaltools.gnu-tools-for-stm32.12.3.rel1.win32_1.0.200.202406191623/tools/bin/../lib/gcc/arm-none-eabi/12.3.1/../../../../arm-none-eabi/lib/thumb/v7e-m+fp/hard\libc_nano.a
LOAD C:/ST/STM32CubeIDE_1.16.0/STM32CubeIDE/plugins/com.st.stm32cube.ide.mcu.externaltools.gnu-tools-for-stm32.12.3.rel1.win32_1.0.200.202406191623/tools/bin/../lib/gcc/arm-none-eabi/12.3.1/../../../../arm-none-eabi/lib/thumb/v7e-m+fp/hard\libm.a
END GROUP
START GROUP
LOAD C:/ST/STM32CubeIDE_1.16.0/STM32CubeIDE/plugins/com.st.stm32cube.ide.mcu.externaltools.gnu-tools-for-stm32.12.3.rel1.win32_1.0.200.202406191623/tools/bin/../lib/gcc/arm-none-eabi/12.3.1/thumb/v7e-m+fp/hard\libgcc.a
LOAD C:/ST/STM32CubeIDE_1.16.0/STM32CubeIDE/plugins/com.st.stm32cube.ide.mcu.externaltools.gnu-tools-for-stm32.12.3.rel1.win32_1.0.200.202406191623/tools/bin/../lib/gcc/arm-none-eabi/12.3.1/../../../../arm-none-eabi/lib/thumb/v7e-m+fp/hard\libc_nano.a
END GROUP
START GROUP
LOAD C:/ST/STM32CubeIDE_1.16.0/STM32CubeIDE/plugins/com.st.stm32cube.ide.mcu.externaltools.gnu-tools-for-stm32.12.3.rel1.win32_1.0.200.202406191623/tools/bin/../lib/gcc/arm-none-eabi/12.3.1/thumb/v7e-m+fp/hard\libgcc.a
LOAD C:/ST/STM32CubeIDE_1.16.0/STM32CubeIDE/plugins/com.st.stm32cube.ide.mcu.externaltools.gnu-tools-for-stm32.12.3.rel1.win32_1.0.200.202406191623/tools/bin/../lib/gcc/arm-none-eabi/12.3.1/../../../../arm-none-eabi/lib/thumb/v7e-m+fp/hard\libc_nano.a
LOAD C:/ST/STM32CubeIDE_1.16.0/STM32CubeIDE/plugins/com.st.stm32cube.ide.mcu.externaltools.gnu-tools-for-stm32.12.3.rel1.win32_1.0.200.202406191623/tools/bin/../lib/gcc/arm-none-eabi/12.3.1/../../../../arm-none-eabi/lib/thumb/v7e-m+fp/hard\libnosys.a
END GROUP
START GROUP
LOAD C:/ST/STM32CubeIDE_1.16.0/STM32CubeIDE/plugins/com.st.stm32cube.ide.mcu.externaltools.gnu-tools-for-stm32.12.3.rel1.win32_1.0.200.202406191623/tools/bin/../lib/gcc/arm-none-eabi/12.3.1/thumb/v7e-m+fp/hard\libgcc.a
LOAD C:/ST/STM32CubeIDE_1.16.0/STM32CubeIDE/plugins/com.st.stm32cube.ide.mcu.externaltools.gnu-tools-for-stm32.12.3.rel1.win32_1.0.200.202406191623/tools/bin/../lib/gcc/arm-none-eabi/12.3.1/../../../../arm-none-eabi/lib/thumb/v7e-m+fp/hard\libc_nano.a
LOAD C:/ST/STM32CubeIDE_1.16.0/STM32CubeIDE/plugins/com.st.stm32cube.ide.mcu.externaltools.gnu-tools-for-stm32.12.3.rel1.win32_1.0.200.202406191623/tools/bin/../lib/gcc/arm-none-eabi/12.3.1/../../../../arm-none-eabi/lib/thumb/v7e-m+fp/hard\libnosys.a
END GROUP
LOAD C:/ST/STM32CubeIDE_1.16.0/STM32CubeIDE/plugins/com.st.stm32cube.ide.mcu.externaltools.gnu-tools-for-stm32.12.3.rel1.win32_1.0.200.202406191623/tools/bin/../lib/gcc/arm-none-eabi/12.3.1/thumb/v7e-m+fp/hard/crtend.o
LOAD C:/ST/STM32CubeIDE_1.16.0/STM32CubeIDE/plugins/com.st.stm32cube.ide.mcu.externaltools.gnu-tools-for-stm32.12.3.rel1.win32_1.0.200.202406191623/tools/bin/../lib/gcc/arm-none-eabi/12.3.1/thumb/v7e-m+fp/hard/crtn.o
                0x20020000                        _estack = (ORIGIN (RAM) + LENGTH (RAM))
                0x00000200                        _Min_Heap_Size = 0x200
                0x00000400                        _Min_Stack_Size = 0x400

.isr_vector     0x08000000      0x198
                0x08000000                        . = ALIGN (0x4)
 *(.isr_vector)
 .isr_vector    0x08000000      0x198 ./Startup/startup_stm32f411retx.o
                0x08000000                g_pfnVectors
                0x08000198                        . = ALIGN (0x4)

.text           0x08000198      0x498
                0x08000198                        . = ALIGN (0x4)
 *(.text)
 .text          0x08000198       0x40 C:/ST/STM32CubeIDE_1.16.0/STM32CubeIDE/plugins/com.st.stm32cube.ide.mcu.externaltools.gnu-tools-for-stm32.12.3.rel1.win32_1.0.200.202406191623/tools/bin/../lib/gcc/arm-none-eabi/12.3.1/thumb/v7e-m+fp/hard/crtbegin.o
 *(.text*)
 .text.gsc_sch_core_Init
                0x080001d8       0x58 ./Src/gsc_sch_core.o
                0x080001d8                gsc_sch_core_Init
 .text.gsc_sch_core_exec
                0x08000230       0xd8 ./Src/gsc_sch_core.o
                0x08000230                gsc_sch_core_exec
 .text.gsc_sch_core_tick_isr
                0x08000308       0x18 ./Src/gsc_sch_core_tick_isr.o
                0x08000308                gsc_sch_core_tick_isr
 .text.led_init
                0x08000320       0x3c ./Src/led.o
                0x08000320                led_init
 .text.Set_led  0x0800035c       0x40 ./Src/led.o
                0x0800035c                Set_led
 .text.__NVIC_SetPriority
                0x0800039c       0x54 ./Src/main.o
 .text.SysTick_Config
                0x080003f0       0x44 ./Src/main.o
 .text.main     0x08000434       0x1e ./Src/main.o
                0x08000434                main
 *fill*         0x08000452        0x2 
 .text.SysTick_Handler
                0x08000454       0x1c ./Src/main.o
                0x08000454                SysTick_Handler
 .text.periodic_tasks_exec_5tks
                0x08000470        0xe ./Src/periodic_tasks_exec.o
                0x08000470                periodic_tasks_exec_5tks
 .text.periodic_tasks_exec_10tks
                0x0800047e        0xe ./Src/periodic_tasks_exec.o
                0x0800047e                periodic_tasks_exec_10tks
 .text.periodic_tasks_exec_20tks
                0x0800048c        0xe ./Src/periodic_tasks_exec.o
                0x0800048c                periodic_tasks_exec_20tks
 .text.periodic_tasks_exec_50tks
                0x0800049a        0xe ./Src/periodic_tasks_exec.o
                0x0800049a                periodic_tasks_exec_50tks
 .text.periodic_tasks_exec_100tks
                0x080004a8       0x38 ./Src/periodic_tasks_exec.o
                0x080004a8                periodic_tasks_exec_100tks
 .text.periodic_tasks_exec_500tks
                0x080004e0        0xe ./Src/periodic_tasks_exec.o
                0x080004e0                periodic_tasks_exec_500tks
 .text.periodic_tasks_exec_1Mtks
                0x080004ee        0xe ./Src/periodic_tasks_exec.o
                0x080004ee                periodic_tasks_exec_1Mtks
 .text.periodic_tasks_init_MclDrvs
                0x080004fc        0xe ./Src/periodic_tasks_init.o
                0x080004fc                periodic_tasks_init_MclDrvs
 .text.periodic_tasks_init_SysDrvs
                0x0800050a        0xe ./Src/periodic_tasks_init.o
                0x0800050a                periodic_tasks_init_SysDrvs
 .text.periodic_tasks_init_task_5tks
                0x08000518        0xe ./Src/periodic_tasks_init.o
                0x08000518                periodic_tasks_init_task_5tks
 .text.periodic_tasks_init_task_10tks
                0x08000526        0xe ./Src/periodic_tasks_init.o
                0x08000526                periodic_tasks_init_task_10tks
 .text.periodic_tasks_init_task_20tks
                0x08000534        0xe ./Src/periodic_tasks_init.o
                0x08000534                periodic_tasks_init_task_20tks
 .text.periodic_tasks_init_task_50tks
                0x08000542        0xe ./Src/periodic_tasks_init.o
                0x08000542                periodic_tasks_init_task_50tks
 .text.periodic_tasks_init_task_100tks
                0x08000550        0xe ./Src/periodic_tasks_init.o
                0x08000550                periodic_tasks_init_task_100tks
 .text.periodic_tasks_init_task_500tks
                0x0800055e        0xe ./Src/periodic_tasks_init.o
                0x0800055e                periodic_tasks_init_task_500tks
 .text.periodic_tasks_init_task_1Mtks
                0x0800056c        0xe ./Src/periodic_tasks_init.o
                0x0800056c                periodic_tasks_init_task_1Mtks
 *fill*         0x0800057a        0x2 
 .text.Reset_Handler
                0x0800057c       0x50 ./Startup/startup_stm32f411retx.o
                0x0800057c                Reset_Handler
 .text.Default_Handler
                0x080005cc        0x2 ./Startup/startup_stm32f411retx.o
                0x080005cc                RTC_Alarm_IRQHandler
                0x080005cc                EXTI2_IRQHandler
                0x080005cc                DebugMon_Handler
                0x080005cc                SPI4_IRQHandler
                0x080005cc                TIM1_CC_IRQHandler
                0x080005cc                DMA2_Stream5_IRQHandler
                0x080005cc                HardFault_Handler
                0x080005cc                DMA1_Stream5_IRQHandler
                0x080005cc                PVD_IRQHandler
                0x080005cc                SDIO_IRQHandler
                0x080005cc                TAMP_STAMP_IRQHandler
                0x080005cc                PendSV_Handler
                0x080005cc                NMI_Handler
                0x080005cc                EXTI3_IRQHandler
                0x080005cc                TIM1_UP_TIM10_IRQHandler
                0x080005cc                I2C3_ER_IRQHandler
                0x080005cc                EXTI0_IRQHandler
                0x080005cc                I2C2_EV_IRQHandler
                0x080005cc                DMA1_Stream2_IRQHandler
                0x080005cc                UsageFault_Handler
                0x080005cc                DMA2_Stream2_IRQHandler
                0x080005cc                SPI1_IRQHandler
                0x080005cc                TIM1_BRK_TIM9_IRQHandler
                0x080005cc                DMA2_Stream3_IRQHandler
                0x080005cc                USART6_IRQHandler
                0x080005cc                DMA2_Stream0_IRQHandler
                0x080005cc                TIM4_IRQHandler
                0x080005cc                I2C1_EV_IRQHandler
                0x080005cc                DMA1_Stream6_IRQHandler
                0x080005cc                DMA1_Stream1_IRQHandler
                0x080005cc                TIM3_IRQHandler
                0x080005cc                RCC_IRQHandler
                0x080005cc                Default_Handler
                0x080005cc                EXTI15_10_IRQHandler
                0x080005cc                ADC_IRQHandler
                0x080005cc                DMA1_Stream7_IRQHandler
                0x080005cc                SPI5_IRQHandler
                0x080005cc                TIM5_IRQHandler
                0x080005cc                DMA2_Stream7_IRQHandler
                0x080005cc                I2C3_EV_IRQHandler
                0x080005cc                EXTI9_5_IRQHandler
                0x080005cc                RTC_WKUP_IRQHandler
                0x080005cc                SPI2_IRQHandler
                0x080005cc                MemManage_Handler
                0x080005cc                DMA1_Stream0_IRQHandler
                0x080005cc                SVC_Handler
                0x080005cc                EXTI4_IRQHandler
                0x080005cc                WWDG_IRQHandler
                0x080005cc                TIM2_IRQHandler
                0x080005cc                OTG_FS_WKUP_IRQHandler
                0x080005cc                TIM1_TRG_COM_TIM11_IRQHandler
                0x080005cc                EXTI1_IRQHandler
                0x080005cc                USART2_IRQHandler
                0x080005cc                I2C2_ER_IRQHandler
                0x080005cc                DMA2_Stream1_IRQHandler
                0x080005cc                FLASH_IRQHandler
                0x080005cc                DMA2_Stream4_IRQHandler
                0x080005cc                BusFault_Handler
                0x080005cc                USART1_IRQHandler
                0x080005cc                OTG_FS_IRQHandler
                0x080005cc                SPI3_IRQHandler
                0x080005cc                DMA1_Stream4_IRQHandler
                0x080005cc                I2C1_ER_IRQHandler
                0x080005cc                DMA2_Stream6_IRQHandler
                0x080005cc                DMA1_Stream3_IRQHandler
 *fill*         0x080005ce        0x2 
 .text.__libc_init_array
                0x080005d0       0x48 C:/ST/STM32CubeIDE_1.16.0/STM32CubeIDE/plugins/com.st.stm32cube.ide.mcu.externaltools.gnu-tools-for-stm32.12.3.rel1.win32_1.0.200.202406191623/tools/bin/../lib/gcc/arm-none-eabi/12.3.1/../../../../arm-none-eabi/lib/thumb/v7e-m+fp/hard\libc_nano.a(libc_a-init.o)
                0x080005d0                __libc_init_array
 *(.glue_7)
 .glue_7        0x08000618        0x0 linker stubs
 *(.glue_7t)
 .glue_7t       0x08000618        0x0 linker stubs
 *(.eh_frame)
 .eh_frame      0x08000618        0x0 C:/ST/STM32CubeIDE_1.16.0/STM32CubeIDE/plugins/com.st.stm32cube.ide.mcu.externaltools.gnu-tools-for-stm32.12.3.rel1.win32_1.0.200.202406191623/tools/bin/../lib/gcc/arm-none-eabi/12.3.1/thumb/v7e-m+fp/hard/crtbegin.o
 *(.init)
 .init          0x08000618        0x4 C:/ST/STM32CubeIDE_1.16.0/STM32CubeIDE/plugins/com.st.stm32cube.ide.mcu.externaltools.gnu-tools-for-stm32.12.3.rel1.win32_1.0.200.202406191623/tools/bin/../lib/gcc/arm-none-eabi/12.3.1/thumb/v7e-m+fp/hard/crti.o
                0x08000618                _init
 .init          0x0800061c        0x8 C:/ST/STM32CubeIDE_1.16.0/STM32CubeIDE/plugins/com.st.stm32cube.ide.mcu.externaltools.gnu-tools-for-stm32.12.3.rel1.win32_1.0.200.202406191623/tools/bin/../lib/gcc/arm-none-eabi/12.3.1/thumb/v7e-m+fp/hard/crtn.o
 *(.fini)
 .fini          0x08000624        0x4 C:/ST/STM32CubeIDE_1.16.0/STM32CubeIDE/plugins/com.st.stm32cube.ide.mcu.externaltools.gnu-tools-for-stm32.12.3.rel1.win32_1.0.200.202406191623/tools/bin/../lib/gcc/arm-none-eabi/12.3.1/thumb/v7e-m+fp/hard/crti.o
                0x08000624                _fini
 .fini          0x08000628        0x8 C:/ST/STM32CubeIDE_1.16.0/STM32CubeIDE/plugins/com.st.stm32cube.ide.mcu.externaltools.gnu-tools-for-stm32.12.3.rel1.win32_1.0.200.202406191623/tools/bin/../lib/gcc/arm-none-eabi/12.3.1/thumb/v7e-m+fp/hard/crtn.o
                0x08000630                        . = ALIGN (0x4)
                0x08000630                        _etext = .

.vfp11_veneer   0x08000630        0x0
 .vfp11_veneer  0x08000630        0x0 linker stubs

.v4_bx          0x08000630        0x0
 .v4_bx         0x08000630        0x0 linker stubs

.iplt           0x08000630        0x0
 .iplt          0x08000630        0x0 C:/ST/STM32CubeIDE_1.16.0/STM32CubeIDE/plugins/com.st.stm32cube.ide.mcu.externaltools.gnu-tools-for-stm32.12.3.rel1.win32_1.0.200.202406191623/tools/bin/../lib/gcc/arm-none-eabi/12.3.1/thumb/v7e-m+fp/hard/crtbegin.o

.rodata         0x08000630       0x90
                0x08000630                        . = ALIGN (0x4)
 *(.rodata)
 *(.rodata*)
 .rodata.cps_mngTaskList
                0x08000630       0x90 ./Src/gsc_sch_core_cfg.o
                0x08000630                cps_mngTaskList
                0x080006c0                        . = ALIGN (0x4)

.ARM.extab      0x080006c0        0x0
                0x080006c0                        . = ALIGN (0x4)
 *(.ARM.extab* .gnu.linkonce.armextab.*)
                0x080006c0                        . = ALIGN (0x4)

.ARM            0x080006c0        0x0
                0x080006c0                        . = ALIGN (0x4)
                0x080006c0                        __exidx_start = .
 *(.ARM.exidx*)
                0x080006c0                        __exidx_end = .
                0x080006c0                        . = ALIGN (0x4)

.preinit_array  0x080006c0        0x0
                0x080006c0                        . = ALIGN (0x4)
                0x080006c0                        PROVIDE (__preinit_array_start = .)
 *(.preinit_array*)
                0x080006c0                        PROVIDE (__preinit_array_end = .)
                0x080006c0                        . = ALIGN (0x4)

.init_array     0x080006c0        0x4
                0x080006c0                        . = ALIGN (0x4)
                0x080006c0                        PROVIDE (__init_array_start = .)
 *(SORT_BY_NAME(.init_array.*))
 *(.init_array*)
 .init_array    0x080006c0        0x4 C:/ST/STM32CubeIDE_1.16.0/STM32CubeIDE/plugins/com.st.stm32cube.ide.mcu.externaltools.gnu-tools-for-stm32.12.3.rel1.win32_1.0.200.202406191623/tools/bin/../lib/gcc/arm-none-eabi/12.3.1/thumb/v7e-m+fp/hard/crtbegin.o
                0x080006c4                        PROVIDE (__init_array_end = .)
                0x080006c4                        . = ALIGN (0x4)

.fini_array     0x080006c4        0x4
                0x080006c4                        . = ALIGN (0x4)
                [!provide]                        PROVIDE (__fini_array_start = .)
 *(SORT_BY_NAME(.fini_array.*))
 *(.fini_array*)
 .fini_array    0x080006c4        0x4 C:/ST/STM32CubeIDE_1.16.0/STM32CubeIDE/plugins/com.st.stm32cube.ide.mcu.externaltools.gnu-tools-for-stm32.12.3.rel1.win32_1.0.200.202406191623/tools/bin/../lib/gcc/arm-none-eabi/12.3.1/thumb/v7e-m+fp/hard/crtbegin.o
                [!provide]                        PROVIDE (__fini_array_end = .)
                0x080006c8                        . = ALIGN (0x4)
                0x080006c8                        _sidata = LOADADDR (.data)

.rel.dyn        0x080006c8        0x0
 .rel.iplt      0x080006c8        0x0 C:/ST/STM32CubeIDE_1.16.0/STM32CubeIDE/plugins/com.st.stm32cube.ide.mcu.externaltools.gnu-tools-for-stm32.12.3.rel1.win32_1.0.200.202406191623/tools/bin/../lib/gcc/arm-none-eabi/12.3.1/thumb/v7e-m+fp/hard/crtbegin.o

.data           0x20000000        0x0 load address 0x080006c8
                0x20000000                        . = ALIGN (0x4)
                0x20000000                        _sdata = .
 *(.data)
 *(.data*)
 *(.RamFunc)
 *(.RamFunc*)
                0x20000000                        . = ALIGN (0x4)
                0x20000000                        _edata = .

.igot.plt       0x20000000        0x0 load address 0x080006c8
 .igot.plt      0x20000000        0x0 C:/ST/STM32CubeIDE_1.16.0/STM32CubeIDE/plugins/com.st.stm32cube.ide.mcu.externaltools.gnu-tools-for-stm32.12.3.rel1.win32_1.0.200.202406191623/tools/bin/../lib/gcc/arm-none-eabi/12.3.1/thumb/v7e-m+fp/hard/crtbegin.o
                0x20000000                        . = ALIGN (0x4)

.bss            0x20000000       0x28 load address 0x080006c8
                0x20000000                        _sbss = .
                0x20000000                        __bss_start__ = _sbss
 *(.bss)
 .bss           0x20000000       0x1c C:/ST/STM32CubeIDE_1.16.0/STM32CubeIDE/plugins/com.st.stm32cube.ide.mcu.externaltools.gnu-tools-for-stm32.12.3.rel1.win32_1.0.200.202406191623/tools/bin/../lib/gcc/arm-none-eabi/12.3.1/thumb/v7e-m+fp/hard/crtbegin.o
 *(.bss*)
 .bss.rt_curOpMode
                0x2000001c        0x2 ./Src/gsc_sch_core.o
                0x2000001c                rt_curOpMode
 .bss.re_sch_mngExecflag
                0x2000001e        0x1 ./Src/gsc_sch_core_tick_isr.o
                0x2000001e                re_sch_mngExecflag
 *fill*         0x2000001f        0x1 
 .bss.sys_tick_counter
                0x20000020        0x4 ./Src/main.o
                0x20000020                sys_tick_counter
 .bss.flag      0x20000024        0x4 ./Src/periodic_tasks_exec.o
                0x20000024                flag
 *(COMMON)
                0x20000028                        . = ALIGN (0x4)
                0x20000028                        _ebss = .
                0x20000028                        __bss_end__ = _ebss

._user_heap_stack
                0x20000028      0x600 load address 0x080006c8
                0x20000028                        . = ALIGN (0x8)
                [!provide]                        PROVIDE (end = .)
                0x20000028                        PROVIDE (_end = .)
                0x20000228                        . = (. + _Min_Heap_Size)
 *fill*         0x20000028      0x200 
                0x20000628                        . = (. + _Min_Stack_Size)
 *fill*         0x20000228      0x400 
                0x20000628                        . = ALIGN (0x8)

/DISCARD/
 libc.a(*)
 libm.a(*)
 libgcc.a(*)

.ARM.attributes
                0x00000000       0x30
 *(.ARM.attributes)
 .ARM.attributes
                0x00000000       0x22 C:/ST/STM32CubeIDE_1.16.0/STM32CubeIDE/plugins/com.st.stm32cube.ide.mcu.externaltools.gnu-tools-for-stm32.12.3.rel1.win32_1.0.200.202406191623/tools/bin/../lib/gcc/arm-none-eabi/12.3.1/thumb/v7e-m+fp/hard/crti.o
 .ARM.attributes
                0x00000022       0x34 C:/ST/STM32CubeIDE_1.16.0/STM32CubeIDE/plugins/com.st.stm32cube.ide.mcu.externaltools.gnu-tools-for-stm32.12.3.rel1.win32_1.0.200.202406191623/tools/bin/../lib/gcc/arm-none-eabi/12.3.1/thumb/v7e-m+fp/hard/crtbegin.o
 .ARM.attributes
                0x00000056       0x34 ./Src/gsc_sch_core.o
 .ARM.attributes
                0x0000008a       0x34 ./Src/gsc_sch_core_cfg.o
 .ARM.attributes
                0x000000be       0x34 ./Src/gsc_sch_core_tick_isr.o
 .ARM.attributes
                0x000000f2       0x34 ./Src/led.o
 .ARM.attributes
                0x00000126       0x34 ./Src/main.o
 .ARM.attributes
                0x0000015a       0x34 ./Src/periodic_tasks_exec.o
 .ARM.attributes
                0x0000018e       0x34 ./Src/periodic_tasks_init.o
 .ARM.attributes
                0x000001c2       0x21 ./Startup/startup_stm32f411retx.o
 .ARM.attributes
                0x000001e3       0x34 C:/ST/STM32CubeIDE_1.16.0/STM32CubeIDE/plugins/com.st.stm32cube.ide.mcu.externaltools.gnu-tools-for-stm32.12.3.rel1.win32_1.0.200.202406191623/tools/bin/../lib/gcc/arm-none-eabi/12.3.1/../../../../arm-none-eabi/lib/thumb/v7e-m+fp/hard\libc_nano.a(libc_a-init.o)
 .ARM.attributes
                0x00000217       0x22 C:/ST/STM32CubeIDE_1.16.0/STM32CubeIDE/plugins/com.st.stm32cube.ide.mcu.externaltools.gnu-tools-for-stm32.12.3.rel1.win32_1.0.200.202406191623/tools/bin/../lib/gcc/arm-none-eabi/12.3.1/thumb/v7e-m+fp/hard/crtn.o
OUTPUT(0_Scheduler.elf elf32-littlearm)
LOAD linker stubs
LOAD C:/ST/STM32CubeIDE_1.16.0/STM32CubeIDE/plugins/com.st.stm32cube.ide.mcu.externaltools.gnu-tools-for-stm32.12.3.rel1.win32_1.0.200.202406191623/tools/bin/../lib/gcc/arm-none-eabi/12.3.1/../../../../arm-none-eabi/lib/thumb/v7e-m+fp/hard\libc.a
LOAD C:/ST/STM32CubeIDE_1.16.0/STM32CubeIDE/plugins/com.st.stm32cube.ide.mcu.externaltools.gnu-tools-for-stm32.12.3.rel1.win32_1.0.200.202406191623/tools/bin/../lib/gcc/arm-none-eabi/12.3.1/../../../../arm-none-eabi/lib/thumb/v7e-m+fp/hard\libm.a
LOAD C:/ST/STM32CubeIDE_1.16.0/STM32CubeIDE/plugins/com.st.stm32cube.ide.mcu.externaltools.gnu-tools-for-stm32.12.3.rel1.win32_1.0.200.202406191623/tools/bin/../lib/gcc/arm-none-eabi/12.3.1/thumb/v7e-m+fp/hard\libgcc.a

.debug_info     0x00000000      0xfcf
 .debug_info    0x00000000      0x224 ./Src/gsc_sch_core.o
 .debug_info    0x00000224      0x1d6 ./Src/gsc_sch_core_cfg.o
 .debug_info    0x000003fa       0xc9 ./Src/gsc_sch_core_tick_isr.o
 .debug_info    0x000004c3      0x30e ./Src/led.o
 .debug_info    0x000007d1      0x603 ./Src/main.o
 .debug_info    0x00000dd4      0x107 ./Src/periodic_tasks_exec.o
 .debug_info    0x00000edb       0xc4 ./Src/periodic_tasks_init.o
 .debug_info    0x00000f9f       0x30 ./Startup/startup_stm32f411retx.o

.debug_abbrev   0x00000000      0x5ea
 .debug_abbrev  0x00000000      0x117 ./Src/gsc_sch_core.o
 .debug_abbrev  0x00000117       0xd4 ./Src/gsc_sch_core_cfg.o
 .debug_abbrev  0x000001eb       0x99 ./Src/gsc_sch_core_tick_isr.o
 .debug_abbrev  0x00000284       0xe1 ./Src/led.o
 .debug_abbrev  0x00000365      0x1a2 ./Src/main.o
 .debug_abbrev  0x00000507       0x8f ./Src/periodic_tasks_exec.o
 .debug_abbrev  0x00000596       0x30 ./Src/periodic_tasks_init.o
 .debug_abbrev  0x000005c6       0x24 ./Startup/startup_stm32f411retx.o

.debug_aranges  0x00000000      0x198
 .debug_aranges
                0x00000000       0x28 ./Src/gsc_sch_core.o
 .debug_aranges
                0x00000028       0x18 ./Src/gsc_sch_core_cfg.o
 .debug_aranges
                0x00000040       0x20 ./Src/gsc_sch_core_tick_isr.o
 .debug_aranges
                0x00000060       0x28 ./Src/led.o
 .debug_aranges
                0x00000088       0x38 ./Src/main.o
 .debug_aranges
                0x000000c0       0x50 ./Src/periodic_tasks_exec.o
 .debug_aranges
                0x00000110       0x60 ./Src/periodic_tasks_init.o
 .debug_aranges
                0x00000170       0x28 ./Startup/startup_stm32f411retx.o

.debug_rnglists
                0x00000000       0xfe
 .debug_rnglists
                0x00000000       0x1a ./Src/gsc_sch_core.o
 .debug_rnglists
                0x0000001a       0x13 ./Src/gsc_sch_core_tick_isr.o
 .debug_rnglists
                0x0000002d       0x19 ./Src/led.o
 .debug_rnglists
                0x00000046       0x25 ./Src/main.o
 .debug_rnglists
                0x0000006b       0x37 ./Src/periodic_tasks_exec.o
 .debug_rnglists
                0x000000a2       0x43 ./Src/periodic_tasks_init.o
 .debug_rnglists
                0x000000e5       0x19 ./Startup/startup_stm32f411retx.o

.debug_macro    0x00000000     0xe196
 .debug_macro   0x00000000       0xf4 ./Src/gsc_sch_core.o
 .debug_macro   0x000000f4      0xaa8 ./Src/gsc_sch_core.o
 .debug_macro   0x00000b9c       0x2e ./Src/gsc_sch_core.o
 .debug_macro   0x00000bca       0x28 ./Src/gsc_sch_core.o
 .debug_macro   0x00000bf2       0x22 ./Src/gsc_sch_core.o
 .debug_macro   0x00000c14       0x8e ./Src/gsc_sch_core.o
 .debug_macro   0x00000ca2       0x51 ./Src/gsc_sch_core.o
 .debug_macro   0x00000cf3      0x103 ./Src/gsc_sch_core.o
 .debug_macro   0x00000df6       0x6a ./Src/gsc_sch_core.o
 .debug_macro   0x00000e60      0x1df ./Src/gsc_sch_core.o
 .debug_macro   0x0000103f       0x1c ./Src/gsc_sch_core.o
 .debug_macro   0x0000105b       0x22 ./Src/gsc_sch_core.o
 .debug_macro   0x0000107d       0xfb ./Src/gsc_sch_core.o
 .debug_macro   0x00001178     0x1011 ./Src/gsc_sch_core.o
 .debug_macro   0x00002189      0x11f ./Src/gsc_sch_core.o
 .debug_macro   0x000022a8     0xb953 ./Src/gsc_sch_core.o
 .debug_macro   0x0000dbfb       0x6d ./Src/gsc_sch_core.o
 .debug_macro   0x0000dc68       0x10 ./Src/gsc_sch_core.o
 .debug_macro   0x0000dc78       0x1c ./Src/gsc_sch_core.o
 .debug_macro   0x0000dc94       0xfe ./Src/gsc_sch_core_cfg.o
 .debug_macro   0x0000dd92       0xeb ./Src/gsc_sch_core_tick_isr.o
 .debug_macro   0x0000de7d       0xe9 ./Src/led.o
 .debug_macro   0x0000df66       0x10 ./Src/led.o
 .debug_macro   0x0000df76       0xf4 ./Src/main.o
 .debug_macro   0x0000e06a       0x16 ./Src/main.o
 .debug_macro   0x0000e080       0xf1 ./Src/periodic_tasks_exec.o
 .debug_macro   0x0000e171       0x25 ./Src/periodic_tasks_init.o

.debug_line     0x00000000     0x256e
 .debug_line    0x00000000      0x666 ./Src/gsc_sch_core.o
 .debug_line    0x00000666      0x5b5 ./Src/gsc_sch_core_cfg.o
 .debug_line    0x00000c1b      0x5a5 ./Src/gsc_sch_core_tick_isr.o
 .debug_line    0x000011c0      0x5a6 ./Src/led.o
 .debug_line    0x00001766      0x632 ./Src/main.o
 .debug_line    0x00001d98      0x63b ./Src/periodic_tasks_exec.o
 .debug_line    0x000023d3      0x120 ./Src/periodic_tasks_init.o
 .debug_line    0x000024f3       0x7b ./Startup/startup_stm32f411retx.o

.debug_str      0x00000000    0x507f9
 .debug_str     0x00000000    0x4fe65 ./Src/gsc_sch_core.o
                              0x4ffc0 (size before relaxing)
 .debug_str     0x0004fe65      0x213 ./Src/gsc_sch_core_cfg.o
                              0x50102 (size before relaxing)
 .debug_str     0x00050078       0x35 ./Src/gsc_sch_core_tick_isr.o
                              0x4fde3 (size before relaxing)
 .debug_str     0x000500ad      0x1a2 ./Src/led.o
                              0x4feb8 (size before relaxing)
 .debug_str     0x0005024f      0x49f ./Src/main.o
                              0x502e9 (size before relaxing)
 .debug_str     0x000506ee       0x38 ./Src/periodic_tasks_exec.o
                              0x4fe2f (size before relaxing)
 .debug_str     0x00050726       0x1d ./Src/periodic_tasks_init.o
                               0x2f36 (size before relaxing)
 .debug_str     0x00050743       0xb6 ./Startup/startup_stm32f411retx.o

.comment        0x00000000       0x43
 .comment       0x00000000       0x43 ./Src/gsc_sch_core.o
                                 0x44 (size before relaxing)
 .comment       0x00000043       0x44 ./Src/gsc_sch_core_cfg.o
 .comment       0x00000043       0x44 ./Src/gsc_sch_core_tick_isr.o
 .comment       0x00000043       0x44 ./Src/led.o
 .comment       0x00000043       0x44 ./Src/main.o
 .comment       0x00000043       0x44 ./Src/periodic_tasks_exec.o
 .comment       0x00000043       0x44 ./Src/periodic_tasks_init.o

.debug_frame    0x00000000      0x3b8
 .debug_frame   0x00000000       0x54 ./Src/gsc_sch_core.o
 .debug_frame   0x00000054       0x30 ./Src/gsc_sch_core_tick_isr.o
 .debug_frame   0x00000084       0x58 ./Src/led.o
 .debug_frame   0x000000dc       0x94 ./Src/main.o
 .debug_frame   0x00000170       0xec ./Src/periodic_tasks_exec.o
 .debug_frame   0x0000025c      0x130 ./Src/periodic_tasks_init.o
 .debug_frame   0x0000038c       0x2c C:/ST/STM32CubeIDE_1.16.0/STM32CubeIDE/plugins/com.st.stm32cube.ide.mcu.externaltools.gnu-tools-for-stm32.12.3.rel1.win32_1.0.200.202406191623/tools/bin/../lib/gcc/arm-none-eabi/12.3.1/../../../../arm-none-eabi/lib/thumb/v7e-m+fp/hard\libc_nano.a(libc_a-init.o)

.debug_line_str
                0x00000000       0x9a
 .debug_line_str
                0x00000000       0x9a ./Startup/startup_stm32f411retx.o
